libpng warning: bKGD: invalid
libpng warning: bKGD: invalid
libpng warning: bKGD: invalid
libpng warning: bKGD: invalid
libpng warning: bKGD: invalid
libpng warning: bKGD: invalid
libpng warning: bKGD: invalid
libpng warning: bKGD: invalid
libpng warning: bKGD: invalid
libpng warning: bKGD: invalid
libpng warning: bKGD: invalid
libpng warning: bKGD: invalid
libpng warning: bKGD: invalid
libpng warning: bKGD: invalid
[1815064:1815064:0730/104449.336758:ERROR:zygote_communication_linux.cc(292)] Failed to send GetTerminationStatus message to zygote
[1815064:1815064:0730/104449.347047:ERROR:zygote_communication_linux.cc(292)] Failed to send GetTerminationStatus message to zygote
[1815064:1815064:0730/104449.347459:ERROR:zygote_communication_linux.cc(292)] Failed to send GetTerminationStatus message to zygote
[1815064:1815064:0730/131502.500109:ERROR:child_process_launcher.cc(522)] Failed to launch child process
[1815064:1815064:0730/131502.607173:ERROR:child_process_launcher.cc(522)] Failed to launch child process
[1815064:1815064:0730/131502.764452:ERROR:child_process_launcher.cc(522)] Failed to launch child process
[1815064:1815064:0730/131502.870240:ERROR:child_process_launcher.cc(522)] Failed to launch child process
[1815064:1815064:0730/140932.005326:ERROR:child_process_launcher.cc(522)] Failed to launch child process
[1815064:1815064:0730/140932.158446:ERROR:child_process_launcher.cc(522)] Failed to launch child process
[1815064:1815064:0730/180709.988839:ERROR:child_process_launcher.cc(522)] Failed to launch child process
[1815064:1815064:0730/180710.111614:ERROR:child_process_launcher.cc(522)] Failed to launch child process
[1815064:1815064:0730/192826.218385:ERROR:child_process_launcher.cc(522)] Failed to launch child process
[1815064:1815064:0730/192826.349583:ERROR:child_process_launcher.cc(522)] Failed to launch child process
